loaded 200 sims in 3.5s; shape[0]=(181794, 12)
train sims: 180, val sims: 20
epoch    0 train_loss=0.8002 val_loss=1.2620
epoch   10 train_loss=0.3160 val_loss=0.8008
epoch   20 train_loss=0.2789 val_loss=0.7271
epoch   30 train_loss=0.2539 val_loss=0.7175
epoch   40 train_loss=0.2513 val_loss=0.7189
epoch   50 train_loss=0.2478 val_loss=0.6928
epoch   60 train_loss=0.2028 val_loss=0.6820
epoch   70 train_loss=0.2010 val_loss=0.6809
epoch   80 train_loss=0.1996 val_loss=0.6778
epoch   90 train_loss=0.2026 val_loss=0.6576
epoch  100 train_loss=0.2058 val_loss=0.7089
epoch  110 train_loss=0.1984 val_loss=0.7193
epoch  120 train_loss=0.1937 val_loss=0.6793
epoch  130 train_loss=0.1806 val_loss=0.6547
epoch  140 train_loss=0.1988 val_loss=0.6468
epoch  150 train_loss=0.1706 val_loss=0.7245
epoch  160 train_loss=0.1767 val_loss=0.6951
epoch  170 train_loss=0.1803 val_loss=0.6509
epoch  180 train_loss=0.1696 val_loss=0.6660
epoch  190 train_loss=0.1551 val_loss=0.6749
epoch  200 train_loss=0.1485 val_loss=0.6441
epoch  210 train_loss=0.1500 val_loss=0.6505
epoch  220 train_loss=0.1506 val_loss=0.6521
epoch  230 train_loss=0.1429 val_loss=0.6662
epoch  240 train_loss=0.1428 val_loss=0.6530
epoch  250 train_loss=0.1399 val_loss=0.6642
epoch  260 train_loss=0.1361 val_loss=0.6562
epoch  270 train_loss=0.1326 val_loss=0.6664
epoch  280 train_loss=0.1247 val_loss=0.6663
epoch  290 train_loss=0.1226 val_loss=0.6764
epoch  300 train_loss=0.1191 val_loss=0.6873
epoch  310 train_loss=0.1182 val_loss=0.6857
epoch  320 train_loss=0.1123 val_loss=0.6943
epoch  330 train_loss=0.1114 val_loss=0.6875
epoch  340 train_loss=0.1077 val_loss=0.7019
epoch  350 train_loss=0.1071 val_loss=0.7003
epoch  360 train_loss=0.1047 val_loss=0.7022
epoch  370 train_loss=0.1043 val_loss=0.7058
epoch  380 train_loss=0.1037 val_loss=0.7080
epoch  390 train_loss=0.1034 val_loss=0.7073
epoch  399 train_loss=0.1028 val_loss=0.7073
best val loss: 0.6367; checkpoint: checkpoints/mlp_scarce_best.pt; evolution sim: airFoil2D_SST_46.246_9.78_3.769_2.353_17.745
